// Jest Snapshot v1, https://goo.gl/fbAQLP

exports[`Username renders correctly 1`] = `
<View
  style={
    Object {
      "backgroundColor": "#FD8C80",
      "borderRadius": 10,
      "marginVertical": 10,
      "padding": 10,
    }
  }
>
  <Text
    accessible={true}
    allowFontScaling={true}
    disabled={false}
    ellipsizeMode="tail"
    style={
      Array [
        Object {
          "color": "white",
          "fontFamily": "poppins",
        },
        Object {
          "color": "#DCDDE3",
          "fontFamily": "italic",
        },
        Object {
          "color": "white",
          "fontSize": 14,
        },
      ]
    }
    type="date"
  >
    www.jegerbest.com
  </Text>
</View>
`;
